[INFO] Scanning for projects...
[INFO] ------------------------------------------------------------------------
[INFO] Reactor Build Order:
[INFO] 
[INFO] MindFlow                                                           [pom]
[INFO] framework                                                          [jar]
[INFO] infra-ai                                                           [jar]
[INFO] business                                                           [jar]
[INFO] mcp-service                                                        [jar]
[INFO] 
[INFO] Using the MultiThreadedBuilder implementation with a thread count of 20
[INFO] 
[INFO] -----------------------< com.caobolun:MindFlow >------------------------
[INFO] Building MindFlow 0.0.1-SNAPSHOT                                   [1/5]
[INFO]   from pom.xml
[INFO] --------------------------------[ pom ]---------------------------------
[INFO] 
[INFO] 
[INFO] ----------------------< com.caobolun:mcp-service >----------------------
[INFO] Building mcp-service 0.0.1-SNAPSHOT                                [2/5]
[INFO] -----------------------< com.caobolun:framework >-----------------------
[INFO] Building framework 0.0.1-SNAPSHOT                                  [3/5]
[INFO]   from mcp-service\pom.xml
[INFO] --------------------------------[ jar ]---------------------------------
[INFO]   from framework\pom.xml
[INFO] --------------------------------[ jar ]---------------------------------
[INFO] 
[INFO] --- resources:3.4.0:resources (default-resources) @ mcp-service ---
[WARNING] Using platform encoding (UTF-8 actually) to copy filtered resources, i.e. build is platform dependent!
[INFO] Copying 1 resource from src\main\resources to target\classes
[WARNING] 1 problem was encountered while building the effective model for org.javassist:javassist:jar:3.21.0-GA during dependency collection step for project (use -X to see details)
[INFO] 
[INFO] --- compiler:3.13.0:compile (default-compile) @ mcp-service ---
[INFO] 
[INFO] --- resources:3.4.0:resources (default-resources) @ framework ---
[WARNING] Using platform encoding (UTF-8 actually) to copy filtered resources, i.e. build is platform dependent!
[INFO] Copying 1 resource from src\main\resources to target\classes
[INFO] 
[INFO] --- compiler:3.13.0:compile (default-compile) @ framework ---
[INFO] Nothing to compile - all classes are up to date.
[INFO] Nothing to compile - all classes are up to date.
[INFO] 
[INFO] -----------------------< com.caobolun:infra-ai >------------------------
[INFO] Building infra-ai 0.0.1-SNAPSHOT                                   [4/5]
[INFO]   from infra-ai\pom.xml
[INFO] --------------------------------[ jar ]---------------------------------
[WARNING] 1 problem was encountered while building the effective model for org.javassist:javassist:jar:3.21.0-GA during dependency collection step for project (use -X to see details)
[INFO] 
[INFO] --- resources:3.4.0:resources (default-resources) @ infra-ai ---
[WARNING] Using platform encoding (UTF-8 actually) to copy filtered resources, i.e. build is platform dependent!
[INFO] Copying 1 resource from src\main\resources to target\classes
[INFO] 
[INFO] --- compiler:3.13.0:compile (default-compile) @ infra-ai ---
[INFO] Nothing to compile - all classes are up to date.
[INFO] 
[INFO] -----------------------< com.caobolun:business >------------------------
[INFO] Building business 0.0.1-SNAPSHOT                                   [5/5]
[INFO]   from business\pom.xml
[INFO] --------------------------------[ jar ]---------------------------------
[INFO] 
[INFO] --- resources:3.4.0:resources (default-resources) @ business ---
[WARNING] Using platform encoding (UTF-8 actually) to copy filtered resources, i.e. build is platform dependent!
[INFO] Copying 20 resources from src\main\resources to target\classes
[INFO] 
[INFO] --- compiler:3.13.0:compile (default-compile) @ business ---
[INFO] Recompiling the module because of changed source code.
[INFO] Compiling 448 source files with javac [debug parameters target 21] to target\classes
[INFO] 由于在类路径中发现了一个或多个处理程序，因此启用了
  批注处理。未来发行版的 javac 可能会禁用批注处理，
  除非至少按名称指定了一个处理程序 (-processor)，
  或指定了搜索路径 (--processor-path, --processor-module-path)，
  或显式启用了批注处理 (-proc:only, -proc:full)。
  可使用 -Xlint:-options 隐藏此消息。
  可使用 -proc:none 禁用批注处理。
[INFO] -------------------------------------------------------------
[WARNING] COMPILATION WARNING : 
[INFO] -------------------------------------------------------------
[WARNING] /E:/Web/MindFlow/business/src/main/java/com/caobolun/business/rag/request/RagTraceRunPageRequest.java:[9,1] Generating equals/hashCode implementation but without a call to superclass, even though this class does not extend java.lang.Object. If this is intentional, add '@EqualsAndHashCode(callSuper=false)' to your type.
[WARNING] /E:/Web/MindFlow/business/src/main/java/com/caobolun/business/user/request/UserPageRequest.java:[9,1] Generating equals/hashCode implementation but without a call to superclass, even though this class does not extend java.lang.Object. If this is intentional, add '@EqualsAndHashCode(callSuper=false)' to your type.
[WARNING] /E:/Web/MindFlow/business/src/main/java/com/caobolun/business/rag/request/SampleQuestionPageRequest.java:[9,1] Generating equals/hashCode implementation but without a call to superclass, even though this class does not extend java.lang.Object. If this is intentional, add '@EqualsAndHashCode(callSuper=false)' to your type.
[WARNING] /E:/Web/MindFlow/business/src/main/java/com/caobolun/business/knowledge/request/KnowledgeBasePageRequest.java:[9,1] Generating equals/hashCode implementation but without a call to superclass, even though this class does not extend java.lang.Object. If this is intentional, add '@EqualsAndHashCode(callSuper=false)' to your type.
[WARNING] /E:/Web/MindFlow/business/src/main/java/com/caobolun/business/knowledge/request/KnowledgeChunkPageRequest.java:[6,1] Generating equals/hashCode implementation but without a call to superclass, even though this class does not extend java.lang.Object. If this is intentional, add '@EqualsAndHashCode(callSuper=false)' to your type.
[WARNING] /E:/Web/MindFlow/business/src/main/java/com/caobolun/business/rag/request/QueryTermMappingPageRequest.java:[9,1] Generating equals/hashCode implementation but without a call to superclass, even though this class does not extend java.lang.Object. If this is intentional, add '@EqualsAndHashCode(callSuper=false)' to your type.
[WARNING] /E:/Web/MindFlow/business/src/main/java/com/caobolun/business/audit/request/BizChangeLogPageRequest.java:[9,1] Generating equals/hashCode implementation but without a call to superclass, even though this class does not extend java.lang.Object. If this is intentional, add '@EqualsAndHashCode(callSuper=false)' to your type.
[WARNING] /E:/Web/MindFlow/business/src/main/java/com/caobolun/business/knowledge/request/KnowledgeDocumentPageRequest.java:[6,1] Generating equals/hashCode implementation but without a call to superclass, even though this class does not extend java.lang.Object. If this is intentional, add '@EqualsAndHashCode(callSuper=false)' to your type.
[INFO] 8 warnings 
[INFO] -------------------------------------------------------------
[INFO] -------------------------------------------------------------
[ERROR] COMPILATION ERROR : 
[INFO] -------------------------------------------------------------
[ERROR] /E:/Web/MindFlow/business/src/main/java/com/caobolun/business/core/parse/mineru/MinerUClient.java:[48,26] 找不到符号
  符号:   类 MediaType
  位置: 类 com.caobolun.business.core.parse.mineru.MinerUClient
[ERROR] /E:/Web/MindFlow/business/src/main/java/com/caobolun/business/core/parse/mineru/MinerUClient.java:[51,19] 找不到符号
  符号:   类 ObjectMapper
  位置: 类 com.caobolun.business.core.parse.mineru.MinerUClient
[ERROR] /E:/Web/MindFlow/business/src/main/java/com/caobolun/business/core/parse/mineru/MinerUClient.java:[55,25] 找不到符号
  符号:   类 ObjectMapper
  位置: 类 com.caobolun.business.core.parse.mineru.MinerUClient
[ERROR] /E:/Web/MindFlow/business/src/main/java/com/caobolun/business/core/parse/mineru/MinerUClient.java:[214,13] 找不到符号
  符号:   类 Request
  位置: 类 com.caobolun.business.core.parse.mineru.MinerUClient
[ERROR] /E:/Web/MindFlow/business/src/main/java/com/caobolun/business/core/parse/mineru/MinerUClient.java:[223,13] 找不到符号
  符号:   类 Request
  位置: 类 com.caobolun.business.core.parse.mineru.MinerUClient
[ERROR] /E:/Web/MindFlow/business/src/main/java/com/caobolun/business/core/parse/mineru/MinerUClient.java:[231,38] 找不到符号
  符号:   类 Request
  位置: 类 com.caobolun.business.core.parse.mineru.MinerUClient
[ERROR] /E:/Web/MindFlow/business/src/main/java/com/caobolun/business/core/parse/mineru/MinerUClient.java:[231,13] 找不到符号
  符号:   类 JsonNode
  位置: 类 com.caobolun.business.core.parse.mineru.MinerUClient
[ERROR] /E:/Web/MindFlow/business/src/main/java/com/caobolun/business/core/parse/mineru/MinerUClient.java:[253,32] 找不到符号
  符号:   类 JsonNode
  位置: 类 com.caobolun.business.core.parse.mineru.MinerUClient
[ERROR] /E:/Web/MindFlow/business/src/main/java/com/caobolun/business/core/parse/mineru/MinerUPollingExecutor.java:[85,25] 找不到符号
  符号:   类 ScheduledFuture
  位置: 类 com.caobolun.business.core.parse.mineru.MinerUPollingExecutor
[ERROR] /E:/Web/MindFlow/business/src/main/java/com/caobolun/business/core/parse/mineru/MinerUPollingExecutor.java:[113,27] 找不到符号
  符号:   类 ScheduledFuture
  位置: 类 com.caobolun.business.core.parse.mineru.MinerUPollingExecutor
[ERROR] /E:/Web/MindFlow/business/src/main/java/com/caobolun/business/core/parse/mineru/MinerUPollingExecutor.java:[121,40] 找不到符号
  符号:   类 ScheduledFuture
  位置: 类 com.caobolun.business.core.parse.mineru.MinerUPollingExecutor
[ERROR] /E:/Web/MindFlow/business/src/main/java/com/caobolun/business/core/parse/mineru/MinerUPollingExecutor.java:[127,32] 找不到符号
  符号:   类 ScheduledFuture
  位置: 类 com.caobolun.business.core.parse.mineru.MinerUPollingExecutor
[ERROR] /E:/Web/MindFlow/business/src/main/java/com/caobolun/business/core/parse/mineru/MinerUResultUnpacker.java:[390,17] 对ListBlock的引用不明确
  org.commonmark.node 中的类 org.commonmark.node.ListBlock 和 com.caobolun.business.core.parse.model 中的记录 com.caobolun.business.core.parse.model.ListBlock 都匹配
[ERROR] /E:/Web/MindFlow/business/src/main/java/com/caobolun/business/ingestion/controller/IngestionPipelineController.java:[18,19] 找不到符号
  符号:   类 IngestionPipelineService
  位置: 类 com.caobolun.business.ingestion.controller.IngestionPipelineController
[ERROR] /E:/Web/MindFlow/business/src/main/java/com/caobolun/business/ingestion/controller/IngestionPipelineController.java:[24,60] 找不到符号
  符号:   类 IngestionPipelineCreateRequest
  位置: 类 com.caobolun.business.ingestion.controller.IngestionPipelineController
[ERROR] /E:/Web/MindFlow/business/src/main/java/com/caobolun/business/ingestion/controller/IngestionPipelineController.java:[24,19] 找不到符号
  符号:   类 IngestionPipelineVO
  位置: 类 com.caobolun.business.ingestion.controller.IngestionPipelineController
[ERROR] /E:/Web/MindFlow/business/src/main/java/com/caobolun/business/ingestion/controller/IngestionPipelineController.java:[33,60] 找不到符号
  符号:   类 IngestionPipelineUpdateRequest
  位置: 类 com.caobolun.business.ingestion.controller.IngestionPipelineController
[ERROR] /E:/Web/MindFlow/business/src/main/java/com/caobolun/business/ingestion/controller/IngestionPipelineController.java:[32,19] 找不到符号
  符号:   类 IngestionPipelineVO
  位置: 类 com.caobolun.business.ingestion.controller.IngestionPipelineController
[ERROR] /E:/Web/MindFlow/business/src/main/java/com/caobolun/business/ingestion/controller/IngestionPipelineController.java:[41,19] 找不到符号
  符号:   类 IngestionPipelineVO
  位置: 类 com.caobolun.business.ingestion.controller.IngestionPipelineController
[ERROR] /E:/Web/MindFlow/business/src/main/java/com/caobolun/business/ingestion/controller/IngestionPipelineController.java:[49,19] 找不到符号
  符号:   类 IPage
  位置: 类 com.caobolun.business.ingestion.controller.IngestionPipelineController
[ERROR] /E:/Web/MindFlow/business/src/main/java/com/caobolun/business/ingestion/controller/IngestionPipelineController.java:[49,25] 找不到符号
  符号:   类 IngestionPipelineVO
  位置: 类 com.caobolun.business.ingestion.controller.IngestionPipelineController
[ERROR] /E:/Web/MindFlow/business/src/main/java/com/caobolun/business/ingestion/controller/IngestionPipelineController.java:[14,1] 找不到符号
  符号:   类 IngestionPipelineService
  位置: 类 com.caobolun.business.ingestion.controller.IngestionPipelineController
[ERROR] /E:/Web/MindFlow/business/src/main/java/com/caobolun/business/ingestion/request/IngestionTaskCreateRequest.java:[20,54] 程序包com.nageoffer.ai.ragent.rag.controller.request不存在
[ERROR] /E:/Web/MindFlow/business/src/main/java/com/caobolun/business/ingestion/request/IngestionTaskCreateRequest.java:[21,47] 程序包com.nageoffer.ai.ragent.rag.core.vector不存在
[ERROR] /E:/Web/MindFlow/business/src/main/java/com/caobolun/business/ingestion/domain/result/IngestionResult.java:[20,54] 程序包com.nageoffer.ai.ragent.ingestion.domain.enums不存在
[ERROR] /E:/Web/MindFlow/business/src/main/java/com/caobolun/business/ingestion/vo/IngestionTaskVO.java:[62,13] 找不到符号
  符号:   类 List
  位置: 类 com.caobolun.business.ingestion.vo.IngestionTaskVO
[ERROR] /E:/Web/MindFlow/business/src/main/java/com/caobolun/business/ingestion/vo/IngestionTaskVO.java:[62,18] 找不到符号
  符号:   类 NodeLog
  位置: 类 com.caobolun.business.ingestion.vo.IngestionTaskVO
[ERROR] /E:/Web/MindFlow/business/src/main/java/com/caobolun/business/ingestion/vo/IngestionTaskVO.java:[72,13] 找不到符号
  符号:   类 Date
  位置: 类 com.caobolun.business.ingestion.vo.IngestionTaskVO
[ERROR] /E:/Web/MindFlow/business/src/main/java/com/caobolun/business/ingestion/vo/IngestionTaskVO.java:[77,13] 找不到符号
  符号:   类 Date
  位置: 类 com.caobolun.business.ingestion.vo.IngestionTaskVO
[ERROR] /E:/Web/MindFlow/business/src/main/java/com/caobolun/business/ingestion/vo/IngestionTaskVO.java:[87,13] 找不到符号
  符号:   类 Date
  位置: 类 com.caobolun.business.ingestion.vo.IngestionTaskVO
[ERROR] /E:/Web/MindFlow/business/src/main/java/com/caobolun/business/ingestion/vo/IngestionTaskVO.java:[92,13] 找不到符号
  符号:   类 Date
  位置: 类 com.caobolun.business.ingestion.vo.IngestionTaskVO
[ERROR] /E:/Web/MindFlow/business/src/main/java/com/caobolun/business/ingestion/vo/IngestionTaskVO.java:[62,27] 找不到符号
  符号:   类 List
  位置: 类 com.caobolun.business.ingestion.vo.IngestionTaskVO
[ERROR] /E:/Web/MindFlow/business/src/main/java/com/caobolun/business/ingestion/vo/IngestionTaskVO.java:[72,18] 找不到符号
  符号:   类 Date
  位置: 类 com.caobolun.business.ingestion.vo.IngestionTaskVO
[ERROR] /E:/Web/MindFlow/business/src/main/java/com/caobolun/business/ingestion/vo/IngestionTaskVO.java:[77,18] 找不到符号
  符号:   类 Date
  位置: 类 com.caobolun.business.ingestion.vo.IngestionTaskVO
[ERROR] /E:/Web/MindFlow/business/src/main/java/com/caobolun/business/ingestion/vo/IngestionTaskVO.java:[87,18] 找不到符号
  符号:   类 Date
  位置: 类 com.caobolun.business.ingestion.vo.IngestionTaskVO
[ERROR] /E:/Web/MindFlow/business/src/main/java/com/caobolun/business/ingestion/vo/IngestionTaskVO.java:[92,18] 找不到符号
  符号:   类 Date
  位置: 类 com.caobolun.business.ingestion.vo.IngestionTaskVO
[ERROR] /E:/Web/MindFlow/business/src/main/java/com/caobolun/business/ingestion/vo/IngestionTaskVO.java:[13,1] 找不到符号
  符号:   类 List
  位置: 类 com.caobolun.business.ingestion.vo.IngestionTaskVO
[ERROR] /E:/Web/MindFlow/business/src/main/java/com/caobolun/business/ingestion/vo/IngestionTaskVO.java:[15,1] 找不到符号
  符号:   类 List
  位置: 类 com.caobolun.business.ingestion.vo.IngestionTaskVO
[ERROR] /E:/Web/MindFlow/business/src/main/java/com/caobolun/business/ingestion/vo/IngestionTaskVO.java:[16,1] 找不到符号
  符号:   类 List
  位置: 类 com.caobolun.business.ingestion.vo.IngestionTaskVO.IngestionTaskVOBuilder
[ERROR] /E:/Web/MindFlow/business/src/main/java/com/caobolun/business/ingestion/domain/result/IngestionResult.java:[49,13] 找不到符号
  符号:   类 IngestionStatus
  位置: 类 com.caobolun.business.ingestion.domain.result.IngestionResult
[ERROR] /E:/Web/MindFlow/business/src/main/java/com/caobolun/business/ingestion/domain/result/IngestionResult.java:[49,29] 找不到符号
  符号:   类 IngestionStatus
  位置: 类 com.caobolun.business.ingestion.domain.result.IngestionResult
[ERROR] /E:/Web/MindFlow/business/src/main/java/com/caobolun/business/ingestion/domain/result/IngestionResult.java:[30,1] 找不到符号
  符号:   类 IngestionStatus
  位置: 类 com.caobolun.business.ingestion.domain.result.IngestionResult
[ERROR] /E:/Web/MindFlow/business/src/main/java/com/caobolun/business/ingestion/domain/result/IngestionResult.java:[32,1] 找不到符号
  符号:   类 IngestionStatus
  位置: 类 com.caobolun.business.ingestion.domain.result.IngestionResult
[ERROR] /E:/Web/MindFlow/business/src/main/java/com/caobolun/business/ingestion/domain/result/IngestionResult.java:[33,1] 找不到符号
  符号:   类 IngestionStatus
  位置: 类 com.caobolun.business.ingestion.domain.result.IngestionResult.IngestionResultBuilder
[ERROR] /E:/Web/MindFlow/business/src/main/java/com/caobolun/business/ingestion/request/IngestionTaskCreateRequest.java:[41,13] 找不到符号
  符号:   类 DocumentSourceRequest
  位置: 类 com.caobolun.business.ingestion.request.IngestionTaskCreateRequest
[ERROR] /E:/Web/MindFlow/business/src/main/java/com/caobolun/business/ingestion/request/IngestionTaskCreateRequest.java:[53,13] 找不到符号
  符号:   类 VectorSpaceId
  位置: 类 com.caobolun.business.ingestion.request.IngestionTaskCreateRequest
[ERROR] /E:/Web/MindFlow/business/src/main/java/com/caobolun/business/ingestion/request/IngestionTaskCreateRequest.java:[41,35] 找不到符号
  符号:   类 DocumentSourceRequest
  位置: 类 com.caobolun.business.ingestion.request.IngestionTaskCreateRequest
[ERROR] /E:/Web/MindFlow/business/src/main/java/com/caobolun/business/ingestion/request/IngestionTaskCreateRequest.java:[53,27] 找不到符号
  符号:   类 VectorSpaceId
  位置: 类 com.caobolun.business.ingestion.request.IngestionTaskCreateRequest
[ERROR] /E:/Web/MindFlow/business/src/main/java/com/caobolun/business/ingestion/request/IngestionTaskCreateRequest.java:[30,1] 找不到符号
  符号:   类 DocumentSourceRequest
  位置: 类 com.caobolun.business.ingestion.request.IngestionTaskCreateRequest
[ERROR] /E:/Web/MindFlow/business/src/main/java/com/caobolun/business/ingestion/domain/context/DocumentSource.java:[20,54] 程序包com.nageoffer.ai.ragent.ingestion.domain.enums不存在
[ERROR] /E:/Web/MindFlow/business/src/main/java/com/caobolun/business/ingestion/domain/context/DocumentSource.java:[42,13] 找不到符号
  符号:   类 SourceType
  位置: 类 com.caobolun.business.ingestion.domain.context.DocumentSource
[ERROR] /E:/Web/MindFlow/business/src/main/java/com/caobolun/business/ingestion/domain/context/DocumentSource.java:[42,24] 找不到符号
  符号:   类 SourceType
  位置: 类 com.caobolun.business.ingestion.domain.context.DocumentSource
[ERROR] /E:/Web/MindFlow/business/src/main/java/com/caobolun/business/ingestion/domain/context/DocumentSource.java:[32,1] 找不到符号
  符号:   类 SourceType
  位置: 类 com.caobolun.business.ingestion.domain.context.DocumentSource
[ERROR] /E:/Web/MindFlow/business/src/main/java/com/caobolun/business/ingestion/domain/context/DocumentSource.java:[34,1] 找不到符号
  符号:   类 SourceType
  位置: 类 com.caobolun.business.ingestion.domain.context.DocumentSource
[ERROR] /E:/Web/MindFlow/business/src/main/java/com/caobolun/business/ingestion/domain/context/DocumentSource.java:[35,1] 找不到符号
  符号:   类 SourceType
  位置: 类 com.caobolun.business.ingestion.domain.context.DocumentSource.DocumentSourceBuilder
[ERROR] /E:/Web/MindFlow/business/src/main/java/com/caobolun/business/ingestion/engine/ConditionEvaluator.java:[15,19] 找不到符号
  符号:   类 ObjectMapper
  位置: 类 com.caobolun.business.ingestion.engine.ConditionEvaluator
[ERROR] /E:/Web/MindFlow/business/src/main/java/com/caobolun/business/ingestion/engine/ConditionEvaluator.java:[18,31] 找不到符号
  符号:   类 ObjectMapper
  位置: 类 com.caobolun.business.ingestion.engine.ConditionEvaluator
[ERROR] /E:/Web/MindFlow/business/src/main/java/com/caobolun/business/ingestion/engine/ConditionEvaluator.java:[22,29] 找不到符号
  符号:   类 IngestionContext
  位置: 类 com.caobolun.business.ingestion.engine.ConditionEvaluator
[ERROR] /E:/Web/MindFlow/business/src/main/java/com/caobolun/business/ingestion/engine/ConditionEvaluator.java:[22,55] 找不到符号
  符号:   类 JsonNode
  位置: 类 com.caobolun.business.ingestion.engine.ConditionEvaluator
[ERROR] /E:/Web/MindFlow/business/src/main/java/com/caobolun/business/ingestion/engine/ConditionEvaluator.java:[49,29] 找不到符号
  符号:   类 IngestionContext
  位置: 类 com.caobolun.business.ingestion.engine.ConditionEvaluator
[ERROR] /E:/Web/MindFlow/business/src/main/java/com/caobolun/business/ingestion/engine/ConditionEvaluator.java:[49,55] 找不到符号
  符号:   类 JsonNode
  位置: 类 com.caobolun.business.ingestion.engine.ConditionEvaluator
[ERROR] /E:/Web/MindFlow/business/src/main/java/com/caobolun/business/ingestion/engine/ConditionEvaluator.java:[61,29] 找不到符号
  符号:   类 IngestionContext
  位置: 类 com.caobolun.business.ingestion.engine.ConditionEvaluator
[ERROR] /E:/Web/MindFlow/business/src/main/java/com/caobolun/business/ingestion/engine/ConditionEvaluator.java:[61,55] 找不到符号
  符号:   类 JsonNode
  位置: 类 com.caobolun.business.ingestion.engine.ConditionEvaluator
[ERROR] /E:/Web/MindFlow/business/src/main/java/com/caobolun/business/ingestion/engine/ConditionEvaluator.java:[73,30] 找不到符号
  符号:   类 IngestionContext
  位置: 类 com.caobolun.business.ingestion.engine.ConditionEvaluator
[ERROR] /E:/Web/MindFlow/business/src/main/java/com/caobolun/business/ingestion/engine/ConditionEvaluator.java:[73,56] 找不到符号
  符号:   类 JsonNode
  位置: 类 com.caobolun.business.ingestion.engine.ConditionEvaluator
[ERROR] /E:/Web/MindFlow/business/src/main/java/com/caobolun/business/ingestion/engine/ConditionEvaluator.java:[85,30] 找不到符号
  符号:   类 IngestionContext
  位置: 类 com.caobolun.business.ingestion.engine.ConditionEvaluator
[ERROR] /E:/Web/MindFlow/business/src/main/java/com/caobolun/business/ingestion/engine/ConditionEvaluator.java:[140,63] 找不到符号
  符号:   类 IntPredicate
  位置: 类 com.caobolun.business.ingestion.engine.ConditionEvaluator
[ERROR] /E:/Web/MindFlow/business/src/main/java/com/caobolun/business/ingestion/engine/ConditionEvaluator.java:[170,30] 找不到符号
  符号:   类 IngestionContext
  位置: 类 com.caobolun.business.ingestion.engine.ConditionEvaluator
[ERROR] /E:/Web/MindFlow/business/src/main/java/com/caobolun/business/ingestion/engine/NodeOutputExtractor.java:[80,50] 找不到符号
  符号:   类 List
  位置: 类 com.caobolun.business.ingestion.engine.NodeOutputExtractor
[ERROR] /E:/Web/MindFlow/business/src/main/java/com/caobolun/business/ingestion/engine/NodeOutputExtractor.java:[80,55] 找不到符号
  符号:   类 Block
  位置: 类 com.caobolun.business.ingestion.engine.NodeOutputExtractor
[ERROR] /E:/Web/MindFlow/business/src/main/java/com/caobolun/business/ingestion/engine/NodeOutputExtractor.java:[125,53] 找不到符号
  符号:   类 List
  位置: 类 com.caobolun.business.ingestion.engine.NodeOutputExtractor
[ERROR] /E:/Web/MindFlow/business/src/main/java/com/caobolun/business/ingestion/engine/NodeOutputExtractor.java:[125,58] 找不到符号
  符号:   类 EmbeddedChunk
  位置: 类 com.caobolun.business.ingestion.engine.NodeOutputExtractor
[ERROR] /E:/Web/MindFlow/business/src/main/java/com/caobolun/business/ingestion/engine/NodeOutputExtractor.java:[135,49] 找不到符号
  符号:   类 List
  位置: 类 com.caobolun.business.ingestion.engine.NodeOutputExtractor
[ERROR] /E:/Web/MindFlow/business/src/main/java/com/caobolun/business/ingestion/engine/NodeOutputExtractor.java:[135,54] 找不到符号
  符号:   类 EmbeddedChunk
  位置: 类 com.caobolun.business.ingestion.engine.NodeOutputExtractor
[ERROR] /E:/Web/MindFlow/business/src/main/java/com/caobolun/business/ingestion/engine/NodeOutputExtractor.java:[135,20] 找不到符号
  符号:   类 Set
  位置: 类 com.caobolun.business.ingestion.engine.NodeOutputExtractor
[ERROR] /E:/Web/MindFlow/business/src/main/java/com/caobolun/business/ingestion/engine/NodeOutputExtractor.java:[144,20] 找不到符号
  符号:   类 List
  位置: 类 com.caobolun.business.ingestion.engine.NodeOutputExtractor
[ERROR] /E:/Web/MindFlow/business/src/main/java/com/caobolun/business/ingestion/engine/NodeOutputExtractor.java:[144,25] 找不到符号
  符号:   类 EmbeddedChunk
  位置: 类 com.caobolun.business.ingestion.engine.NodeOutputExtractor
[ERROR] /E:/Web/MindFlow/business/src/main/java/com/caobolun/business/ingestion/fetcher/HttpUrlFetcher.java:[20,48] 程序包com.nageoffer.ai.ragent.core.parser.mime不存在
[ERROR] /E:/Web/MindFlow/business/src/main/java/com/caobolun/business/ingestion/fetcher/HttpUrlFetcher.java:[21,51] 程序包com.nageoffer.ai.ragent.framework.exception不存在
[ERROR] /E:/Web/MindFlow/business/src/main/java/com/caobolun/business/ingestion/fetcher/HttpUrlFetcher.java:[22,56] 程序包com.nageoffer.ai.ragent.ingestion.domain.context不存在
[ERROR] /E:/Web/MindFlow/business/src/main/java/com/caobolun/business/ingestion/fetcher/HttpUrlFetcher.java:[23,54] 程序包com.nageoffer.ai.ragent.ingestion.domain.enums不存在
[ERROR] /E:/Web/MindFlow/business/src/main/java/com/caobolun/business/ingestion/fetcher/HttpUrlFetcher.java:[24,46] 程序包com.nageoffer.ai.ragent.ingestion.util不存在
[ERROR] /E:/Web/MindFlow/business/src/main/java/com/caobolun/business/ingestion/fetcher/HttpUrlFetcher.java:[40,19] 找不到符号
  符号:   类 HttpClientHelper
  位置: 类 com.caobolun.business.ingestion.fetcher.HttpUrlFetcher
[ERROR] /E:/Web/MindFlow/business/src/main/java/com/caobolun/business/ingestion/fetcher/HttpUrlFetcher.java:[43,12] 找不到符号
  符号:   类 SourceType
  位置: 类 com.caobolun.business.ingestion.fetcher.HttpUrlFetcher
[ERROR] /E:/Web/MindFlow/business/src/main/java/com/caobolun/business/ingestion/fetcher/HttpUrlFetcher.java:[48,30] 找不到符号
  符号:   类 DocumentSource
  位置: 类 com.caobolun.business.ingestion.fetcher.HttpUrlFetcher
[ERROR] /E:/Web/MindFlow/business/src/main/java/com/caobolun/business/ingestion/fetcher/HttpUrlFetcher.java:[37,1] 找不到符号
  符号:   类 HttpClientHelper
  位置: 类 com.caobolun.business.ingestion.fetcher.HttpUrlFetcher
[ERROR] /E:/Web/MindFlow/business/src/main/java/com/caobolun/business/ingestion/node/ChunkerNode.java:[25,19] 找不到符号
  符号:   类 ObjectMapper
  位置: 类 com.caobolun.business.ingestion.node.ChunkerNode
[ERROR] /E:/Web/MindFlow/business/src/main/java/com/caobolun/business/ingestion/node/ChunkerNode.java:[27,19] 找不到符号
  符号:   类 ChunkingService
  位置: 类 com.caobolun.business.ingestion.node.ChunkerNode
[ERROR] /E:/Web/MindFlow/business/src/main/java/com/caobolun/business/ingestion/node/ChunkerNode.java:[35,57] 找不到符号
  符号:   类 NodeConfig
  位置: 类 com.caobolun.business.ingestion.node.ChunkerNode
[ERROR] /E:/Web/MindFlow/business/src/main/java/com/caobolun/business/ingestion/node/ChunkerNode.java:[35,12] 找不到符号
  符号:   类 NodeResult
  位置: 类 com.caobolun.business.ingestion.node.ChunkerNode
[ERROR] /E:/Web/MindFlow/business/src/main/java/com/caobolun/business/ingestion/node/ChunkerNode.java:[52,43] 找不到符号
  符号:   类 JsonNode
  位置: 类 com.caobolun.business.ingestion.node.ChunkerNode
[ERROR] /E:/Web/MindFlow/business/src/main/java/com/caobolun/business/ingestion/node/ChunkerNode.java:[52,13] 找不到符号
  符号:   类 ChunkerSettings
  位置: 类 com.caobolun.business.ingestion.node.ChunkerNode
[ERROR] /E:/Web/MindFlow/business/src/main/java/com/caobolun/business/ingestion/node/ChunkerNode.java:[60,34] 找不到符号
  符号:   类 ChunkerSettings
  位置: 类 com.caobolun.business.ingestion.node.ChunkerNode
[ERROR] /E:/Web/MindFlow/business/src/main/java/com/caobolun/business/ingestion/node/ChunkerNode.java:[60,13] 找不到符号
  符号:   类 ChunkBudget
  位置: 类 com.caobolun.business.ingestion.node.ChunkerNode
[ERROR] /E:/Web/MindFlow/business/src/main/java/com/caobolun/business/ingestion/node/ChunkerNode.java:[17,1] 找不到符号
  符号:   类 ObjectMapper
  位置: 类 com.caobolun.business.ingestion.node.ChunkerNode
[ERROR] /E:/Web/MindFlow/business/src/main/java/com/caobolun/business/ingestion/node/FetcherNode.java:[44,19] 找不到符号
  符号:   类 Map
  位置: 类 com.caobolun.business.ingestion.node.FetcherNode
[ERROR] /E:/Web/MindFlow/business/src/main/java/com/caobolun/business/ingestion/node/FetcherNode.java:[44,35] 找不到符号
  符号:   类 DocumentFetcher
  位置: 类 com.caobolun.business.ingestion.node.FetcherNode
[ERROR] /E:/Web/MindFlow/business/src/main/java/com/caobolun/business/ingestion/node/FetcherNode.java:[46,24] 找不到符号
  符号:   类 List
  位置: 类 com.caobolun.business.ingestion.node.FetcherNode
[ERROR] /E:/Web/MindFlow/business/src/main/java/com/caobolun/business/ingestion/node/FetcherNode.java:[46,29] 找不到符号
  符号:   类 DocumentFetcher
  位置: 类 com.caobolun.business.ingestion.node.FetcherNode
[ERROR] /E:/Web/MindFlow/business/src/main/java/com/caobolun/business/ingestion/node/IndexerNode.java:[99,43] 找不到符号
  符号:   类 JsonNode
  位置: 类 com.caobolun.business.ingestion.node.IndexerNode
[INFO] 100 errors 
[INFO] -------------------------------------------------------------
[INFO] ------------------------------------------------------------------------
[INFO] Reactor Summary for MindFlow 0.0.1-SNAPSHOT:
[INFO] 
[INFO] MindFlow ........................................... SUCCESS [  0.007 s]
[INFO] framework .......................................... SUCCESS [  0.975 s]
[INFO] infra-ai ........................................... SUCCESS [  0.316 s]
[INFO] business ........................................... FAILURE [  6.766 s]
[INFO] mcp-service ........................................ SUCCESS [  0.975 s]
[INFO] ------------------------------------------------------------------------
[INFO] BUILD FAILURE
[INFO] ------------------------------------------------------------------------
[INFO] Total time:  8.369 s (Wall Clock)
[INFO] Finished at: 2026-08-04T21:15:10+08:00
[INFO] ------------------------------------------------------------------------
[ERROR] Failed to execute goal org.apache.maven.plugins:maven-compiler-plugin:3.13.0:compile (default-compile) on project business: Compilation failure: Compilation failure: 
[ERROR] /E:/Web/MindFlow/business/src/main/java/com/caobolun/business/core/parse/mineru/MinerUClient.java:[48,26] 找不到符号
[ERROR]   符号:   类 MediaType
[ERROR]   位置: 类 com.caobolun.business.core.parse.mineru.MinerUClient
[ERROR] /E:/Web/MindFlow/business/src/main/java/com/caobolun/business/core/parse/mineru/MinerUClient.java:[51,19] 找不到符号
[ERROR]   符号:   类 ObjectMapper
[ERROR]   位置: 类 com.caobolun.business.core.parse.mineru.MinerUClient
[ERROR] /E:/Web/MindFlow/business/src/main/java/com/caobolun/business/core/parse/mineru/MinerUClient.java:[55,25] 找不到符号
[ERROR]   符号:   类 ObjectMapper
[ERROR]   位置: 类 com.caobolun.business.core.parse.mineru.MinerUClient
[ERROR] /E:/Web/MindFlow/business/src/main/java/com/caobolun/business/core/parse/mineru/MinerUClient.java:[214,13] 找不到符号
[ERROR]   符号:   类 Request
[ERROR]   位置: 类 com.caobolun.business.core.parse.mineru.MinerUClient
[ERROR] /E:/Web/MindFlow/business/src/main/java/com/caobolun/business/core/parse/mineru/MinerUClient.java:[223,13] 找不到符号
[ERROR]   符号:   类 Request
[ERROR]   位置: 类 com.caobolun.business.core.parse.mineru.MinerUClient
[ERROR] /E:/Web/MindFlow/business/src/main/java/com/caobolun/business/core/parse/mineru/MinerUClient.java:[231,38] 找不到符号
[ERROR]   符号:   类 Request
[ERROR]   位置: 类 com.caobolun.business.core.parse.mineru.MinerUClient
[ERROR] /E:/Web/MindFlow/business/src/main/java/com/caobolun/business/core/parse/mineru/MinerUClient.java:[231,13] 找不到符号
[ERROR]   符号:   类 JsonNode
[ERROR]   位置: 类 com.caobolun.business.core.parse.mineru.MinerUClient
[ERROR] /E:/Web/MindFlow/business/src/main/java/com/caobolun/business/core/parse/mineru/MinerUClient.java:[253,32] 找不到符号
[ERROR]   符号:   类 JsonNode
[ERROR]   位置: 类 com.caobolun.business.core.parse.mineru.MinerUClient
[ERROR] /E:/Web/MindFlow/business/src/main/java/com/caobolun/business/core/parse/mineru/MinerUPollingExecutor.java:[85,25] 找不到符号
[ERROR]   符号:   类 ScheduledFuture
[ERROR]   位置: 类 com.caobolun.business.core.parse.mineru.MinerUPollingExecutor
[ERROR] /E:/Web/MindFlow/business/src/main/java/com/caobolun/business/core/parse/mineru/MinerUPollingExecutor.java:[113,27] 找不到符号
[ERROR]   符号:   类 ScheduledFuture
[ERROR]   位置: 类 com.caobolun.business.core.parse.mineru.MinerUPollingExecutor
[ERROR] /E:/Web/MindFlow/business/src/main/java/com/caobolun/business/core/parse/mineru/MinerUPollingExecutor.java:[121,40] 找不到符号
[ERROR]   符号:   类 ScheduledFuture
[ERROR]   位置: 类 com.caobolun.business.core.parse.mineru.MinerUPollingExecutor
[ERROR] /E:/Web/MindFlow/business/src/main/java/com/caobolun/business/core/parse/mineru/MinerUPollingExecutor.java:[127,32] 找不到符号
[ERROR]   符号:   类 ScheduledFuture
[ERROR]   位置: 类 com.caobolun.business.core.parse.mineru.MinerUPollingExecutor
[ERROR] /E:/Web/MindFlow/business/src/main/java/com/caobolun/business/core/parse/mineru/MinerUResultUnpacker.java:[390,17] 对ListBlock的引用不明确
[ERROR]   org.commonmark.node 中的类 org.commonmark.node.ListBlock 和 com.caobolun.business.core.parse.model 中的记录 com.caobolun.business.core.parse.model.ListBlock 都匹配
[ERROR] /E:/Web/MindFlow/business/src/main/java/com/caobolun/business/ingestion/controller/IngestionPipelineController.java:[18,19] 找不到符号
[ERROR]   符号:   类 IngestionPipelineService
[ERROR]   位置: 类 com.caobolun.business.ingestion.controller.IngestionPipelineController
[ERROR] /E:/Web/MindFlow/business/src/main/java/com/caobolun/business/ingestion/controller/IngestionPipelineController.java:[24,60] 找不到符号
[ERROR]   符号:   类 IngestionPipelineCreateRequest
[ERROR]   位置: 类 com.caobolun.business.ingestion.controller.IngestionPipelineController
[ERROR] /E:/Web/MindFlow/business/src/main/java/com/caobolun/business/ingestion/controller/IngestionPipelineController.java:[24,19] 找不到符号
[ERROR]   符号:   类 IngestionPipelineVO
[ERROR]   位置: 类 com.caobolun.business.ingestion.controller.IngestionPipelineController
[ERROR] /E:/Web/MindFlow/business/src/main/java/com/caobolun/business/ingestion/controller/IngestionPipelineController.java:[33,60] 找不到符号
[ERROR]   符号:   类 IngestionPipelineUpdateRequest
[ERROR]   位置: 类 com.caobolun.business.ingestion.controller.IngestionPipelineController
[ERROR] /E:/Web/MindFlow/business/src/main/java/com/caobolun/business/ingestion/controller/IngestionPipelineController.java:[32,19] 找不到符号
[ERROR]   符号:   类 IngestionPipelineVO
[ERROR]   位置: 类 com.caobolun.business.ingestion.controller.IngestionPipelineController
[ERROR] /E:/Web/MindFlow/business/src/main/java/com/caobolun/business/ingestion/controller/IngestionPipelineController.java:[41,19] 找不到符号
[ERROR]   符号:   类 IngestionPipelineVO
[ERROR]   位置: 类 com.caobolun.business.ingestion.controller.IngestionPipelineController
[ERROR] /E:/Web/MindFlow/business/src/main/java/com/caobolun/business/ingestion/controller/IngestionPipelineController.java:[49,19] 找不到符号
[ERROR]   符号:   类 IPage
[ERROR]   位置: 类 com.caobolun.business.ingestion.controller.IngestionPipelineController
[ERROR] /E:/Web/MindFlow/business/src/main/java/com/caobolun/business/ingestion/controller/IngestionPipelineController.java:[49,25] 找不到符号
[ERROR]   符号:   类 IngestionPipelineVO
[ERROR]   位置: 类 com.caobolun.business.ingestion.controller.IngestionPipelineController
[ERROR] /E:/Web/MindFlow/business/src/main/java/com/caobolun/business/ingestion/controller/IngestionPipelineController.java:[14,1] 找不到符号
[ERROR]   符号:   类 IngestionPipelineService
[ERROR]   位置: 类 com.caobolun.business.ingestion.controller.IngestionPipelineController
[ERROR] /E:/Web/MindFlow/business/src/main/java/com/caobolun/business/ingestion/request/IngestionTaskCreateRequest.java:[20,54] 程序包com.nageoffer.ai.ragent.rag.controller.request不存在
[ERROR] /E:/Web/MindFlow/business/src/main/java/com/caobolun/business/ingestion/request/IngestionTaskCreateRequest.java:[21,47] 程序包com.nageoffer.ai.ragent.rag.core.vector不存在
[ERROR] /E:/Web/MindFlow/business/src/main/java/com/caobolun/business/ingestion/domain/result/IngestionResult.java:[20,54] 程序包com.nageoffer.ai.ragent.ingestion.domain.enums不存在
[ERROR] /E:/Web/MindFlow/business/src/main/java/com/caobolun/business/ingestion/vo/IngestionTaskVO.java:[62,13] 找不到符号
[ERROR]   符号:   类 List
[ERROR]   位置: 类 com.caobolun.business.ingestion.vo.IngestionTaskVO
[ERROR] /E:/Web/MindFlow/business/src/main/java/com/caobolun/business/ingestion/vo/IngestionTaskVO.java:[62,18] 找不到符号
[ERROR]   符号:   类 NodeLog
[ERROR]   位置: 类 com.caobolun.business.ingestion.vo.IngestionTaskVO
[ERROR] /E:/Web/MindFlow/business/src/main/java/com/caobolun/business/ingestion/vo/IngestionTaskVO.java:[72,13] 找不到符号
[ERROR]   符号:   类 Date
[ERROR]   位置: 类 com.caobolun.business.ingestion.vo.IngestionTaskVO
[ERROR] /E:/Web/MindFlow/business/src/main/java/com/caobolun/business/ingestion/vo/IngestionTaskVO.java:[77,13] 找不到符号
[ERROR]   符号:   类 Date
[ERROR]   位置: 类 com.caobolun.business.ingestion.vo.IngestionTaskVO
[ERROR] /E:/Web/MindFlow/business/src/main/java/com/caobolun/business/ingestion/vo/IngestionTaskVO.java:[87,13] 找不到符号
[ERROR]   符号:   类 Date
[ERROR]   位置: 类 com.caobolun.business.ingestion.vo.IngestionTaskVO
[ERROR] /E:/Web/MindFlow/business/src/main/java/com/caobolun/business/ingestion/vo/IngestionTaskVO.java:[92,13] 找不到符号
[ERROR]   符号:   类 Date
[ERROR]   位置: 类 com.caobolun.business.ingestion.vo.IngestionTaskVO
[ERROR] /E:/Web/MindFlow/business/src/main/java/com/caobolun/business/ingestion/vo/IngestionTaskVO.java:[62,27] 找不到符号
[ERROR]   符号:   类 List
[ERROR]   位置: 类 com.caobolun.business.ingestion.vo.IngestionTaskVO
[ERROR] /E:/Web/MindFlow/business/src/main/java/com/caobolun/business/ingestion/vo/IngestionTaskVO.java:[72,18] 找不到符号
[ERROR]   符号:   类 Date
[ERROR]   位置: 类 com.caobolun.business.ingestion.vo.IngestionTaskVO
[ERROR] /E:/Web/MindFlow/business/src/main/java/com/caobolun/business/ingestion/vo/IngestionTaskVO.java:[77,18] 找不到符号
[ERROR]   符号:   类 Date
[ERROR]   位置: 类 com.caobolun.business.ingestion.vo.IngestionTaskVO
[ERROR] /E:/Web/MindFlow/business/src/main/java/com/caobolun/business/ingestion/vo/IngestionTaskVO.java:[87,18] 找不到符号
[ERROR]   符号:   类 Date
[ERROR]   位置: 类 com.caobolun.business.ingestion.vo.IngestionTaskVO
[ERROR] /E:/Web/MindFlow/business/src/main/java/com/caobolun/business/ingestion/vo/IngestionTaskVO.java:[92,18] 找不到符号
[ERROR]   符号:   类 Date
[ERROR]   位置: 类 com.caobolun.business.ingestion.vo.IngestionTaskVO
[ERROR] /E:/Web/MindFlow/business/src/main/java/com/caobolun/business/ingestion/vo/IngestionTaskVO.java:[13,1] 找不到符号
[ERROR]   符号:   类 List
[ERROR]   位置: 类 com.caobolun.business.ingestion.vo.IngestionTaskVO
[ERROR] /E:/Web/MindFlow/business/src/main/java/com/caobolun/business/ingestion/vo/IngestionTaskVO.java:[15,1] 找不到符号
[ERROR]   符号:   类 List
[ERROR]   位置: 类 com.caobolun.business.ingestion.vo.IngestionTaskVO
[ERROR] /E:/Web/MindFlow/business/src/main/java/com/caobolun/business/ingestion/vo/IngestionTaskVO.java:[16,1] 找不到符号
[ERROR]   符号:   类 List
[ERROR]   位置: 类 com.caobolun.business.ingestion.vo.IngestionTaskVO.IngestionTaskVOBuilder
[ERROR] /E:/Web/MindFlow/business/src/main/java/com/caobolun/business/ingestion/domain/result/IngestionResult.java:[49,13] 找不到符号
[ERROR]   符号:   类 IngestionStatus
[ERROR]   位置: 类 com.caobolun.business.ingestion.domain.result.IngestionResult
[ERROR] /E:/Web/MindFlow/business/src/main/java/com/caobolun/business/ingestion/domain/result/IngestionResult.java:[49,29] 找不到符号
[ERROR]   符号:   类 IngestionStatus
[ERROR]   位置: 类 com.caobolun.business.ingestion.domain.result.IngestionResult
[ERROR] /E:/Web/MindFlow/business/src/main/java/com/caobolun/business/ingestion/domain/result/IngestionResult.java:[30,1] 找不到符号
[ERROR]   符号:   类 IngestionStatus
[ERROR]   位置: 类 com.caobolun.business.ingestion.domain.result.IngestionResult
[ERROR] /E:/Web/MindFlow/business/src/main/java/com/caobolun/business/ingestion/domain/result/IngestionResult.java:[32,1] 找不到符号
[ERROR]   符号:   类 IngestionStatus
[ERROR]   位置: 类 com.caobolun.business.ingestion.domain.result.IngestionResult
[ERROR] /E:/Web/MindFlow/business/src/main/java/com/caobolun/business/ingestion/domain/result/IngestionResult.java:[33,1] 找不到符号
[ERROR]   符号:   类 IngestionStatus
[ERROR]   位置: 类 com.caobolun.business.ingestion.domain.result.IngestionResult.IngestionResultBuilder
[ERROR] /E:/Web/MindFlow/business/src/main/java/com/caobolun/business/ingestion/request/IngestionTaskCreateRequest.java:[41,13] 找不到符号
[ERROR]   符号:   类 DocumentSourceRequest
[ERROR]   位置: 类 com.caobolun.business.ingestion.request.IngestionTaskCreateRequest
[ERROR] /E:/Web/MindFlow/business/src/main/java/com/caobolun/business/ingestion/request/IngestionTaskCreateRequest.java:[53,13] 找不到符号
[ERROR]   符号:   类 VectorSpaceId
[ERROR]   位置: 类 com.caobolun.business.ingestion.request.IngestionTaskCreateRequest
[ERROR] /E:/Web/MindFlow/business/src/main/java/com/caobolun/business/ingestion/request/IngestionTaskCreateRequest.java:[41,35] 找不到符号
[ERROR]   符号:   类 DocumentSourceRequest
[ERROR]   位置: 类 com.caobolun.business.ingestion.request.IngestionTaskCreateRequest
[ERROR] /E:/Web/MindFlow/business/src/main/java/com/caobolun/business/ingestion/request/IngestionTaskCreateRequest.java:[53,27] 找不到符号
[ERROR]   符号:   类 VectorSpaceId
[ERROR]   位置: 类 com.caobolun.business.ingestion.request.IngestionTaskCreateRequest
[ERROR] /E:/Web/MindFlow/business/src/main/java/com/caobolun/business/ingestion/request/IngestionTaskCreateRequest.java:[30,1] 找不到符号
[ERROR]   符号:   类 DocumentSourceRequest
[ERROR]   位置: 类 com.caobolun.business.ingestion.request.IngestionTaskCreateRequest
[ERROR] /E:/Web/MindFlow/business/src/main/java/com/caobolun/business/ingestion/domain/context/DocumentSource.java:[20,54] 程序包com.nageoffer.ai.ragent.ingestion.domain.enums不存在
[ERROR] /E:/Web/MindFlow/business/src/main/java/com/caobolun/business/ingestion/domain/context/DocumentSource.java:[42,13] 找不到符号
[ERROR]   符号:   类 SourceType
[ERROR]   位置: 类 com.caobolun.business.ingestion.domain.context.DocumentSource
[ERROR] /E:/Web/MindFlow/business/src/main/java/com/caobolun/business/ingestion/domain/context/DocumentSource.java:[42,24] 找不到符号
[ERROR]   符号:   类 SourceType
[ERROR]   位置: 类 com.caobolun.business.ingestion.domain.context.DocumentSource
[ERROR] /E:/Web/MindFlow/business/src/main/java/com/caobolun/business/ingestion/domain/context/DocumentSource.java:[32,1] 找不到符号
[ERROR]   符号:   类 SourceType
[ERROR]   位置: 类 com.caobolun.business.ingestion.domain.context.DocumentSource
[ERROR] /E:/Web/MindFlow/business/src/main/java/com/caobolun/business/ingestion/domain/context/DocumentSource.java:[34,1] 找不到符号
[ERROR]   符号:   类 SourceType
[ERROR]   位置: 类 com.caobolun.business.ingestion.domain.context.DocumentSource
[ERROR] /E:/Web/MindFlow/business/src/main/java/com/caobolun/business/ingestion/domain/context/DocumentSource.java:[35,1] 找不到符号
[ERROR]   符号:   类 SourceType
[ERROR]   位置: 类 com.caobolun.business.ingestion.domain.context.DocumentSource.DocumentSourceBuilder
[ERROR] /E:/Web/MindFlow/business/src/main/java/com/caobolun/business/ingestion/engine/ConditionEvaluator.java:[15,19] 找不到符号
[ERROR]   符号:   类 ObjectMapper
[ERROR]   位置: 类 com.caobolun.business.ingestion.engine.ConditionEvaluator
[ERROR] /E:/Web/MindFlow/business/src/main/java/com/caobolun/business/ingestion/engine/ConditionEvaluator.java:[18,31] 找不到符号
[ERROR]   符号:   类 ObjectMapper
[ERROR]   位置: 类 com.caobolun.business.ingestion.engine.ConditionEvaluator
[ERROR] /E:/Web/MindFlow/business/src/main/java/com/caobolun/business/ingestion/engine/ConditionEvaluator.java:[22,29] 找不到符号
[ERROR]   符号:   类 IngestionContext
[ERROR]   位置: 类 com.caobolun.business.ingestion.engine.ConditionEvaluator
[ERROR] /E:/Web/MindFlow/business/src/main/java/com/caobolun/business/ingestion/engine/ConditionEvaluator.java:[22,55] 找不到符号
[ERROR]   符号:   类 JsonNode
[ERROR]   位置: 类 com.caobolun.business.ingestion.engine.ConditionEvaluator
[ERROR] /E:/Web/MindFlow/business/src/main/java/com/caobolun/business/ingestion/engine/ConditionEvaluator.java:[49,29] 找不到符号
[ERROR]   符号:   类 IngestionContext
[ERROR]   位置: 类 com.caobolun.business.ingestion.engine.ConditionEvaluator
[ERROR] /E:/Web/MindFlow/business/src/main/java/com/caobolun/business/ingestion/engine/ConditionEvaluator.java:[49,55] 找不到符号
[ERROR]   符号:   类 JsonNode
[ERROR]   位置: 类 com.caobolun.business.ingestion.engine.ConditionEvaluator
[ERROR] /E:/Web/MindFlow/business/src/main/java/com/caobolun/business/ingestion/engine/ConditionEvaluator.java:[61,29] 找不到符号
[ERROR]   符号:   类 IngestionContext
[ERROR]   位置: 类 com.caobolun.business.ingestion.engine.ConditionEvaluator
[ERROR] /E:/Web/MindFlow/business/src/main/java/com/caobolun/business/ingestion/engine/ConditionEvaluator.java:[61,55] 找不到符号
[ERROR]   符号:   类 JsonNode
[ERROR]   位置: 类 com.caobolun.business.ingestion.engine.ConditionEvaluator
[ERROR] /E:/Web/MindFlow/business/src/main/java/com/caobolun/business/ingestion/engine/ConditionEvaluator.java:[73,30] 找不到符号
[ERROR]   符号:   类 IngestionContext
[ERROR]   位置: 类 com.caobolun.business.ingestion.engine.ConditionEvaluator
[ERROR] /E:/Web/MindFlow/business/src/main/java/com/caobolun/business/ingestion/engine/ConditionEvaluator.java:[73,56] 找不到符号
[ERROR]   符号:   类 JsonNode
[ERROR]   位置: 类 com.caobolun.business.ingestion.engine.ConditionEvaluator
[ERROR] /E:/Web/MindFlow/business/src/main/java/com/caobolun/business/ingestion/engine/ConditionEvaluator.java:[85,30] 找不到符号
[ERROR]   符号:   类 IngestionContext
[ERROR]   位置: 类 com.caobolun.business.ingestion.engine.ConditionEvaluator
[ERROR] /E:/Web/MindFlow/business/src/main/java/com/caobolun/business/ingestion/engine/ConditionEvaluator.java:[140,63] 找不到符号
[ERROR]   符号:   类 IntPredicate
[ERROR]   位置: 类 com.caobolun.business.ingestion.engine.ConditionEvaluator
[ERROR] /E:/Web/MindFlow/business/src/main/java/com/caobolun/business/ingestion/engine/ConditionEvaluator.java:[170,30] 找不到符号
[ERROR]   符号:   类 IngestionContext
[ERROR]   位置: 类 com.caobolun.business.ingestion.engine.ConditionEvaluator
[ERROR] /E:/Web/MindFlow/business/src/main/java/com/caobolun/business/ingestion/engine/NodeOutputExtractor.java:[80,50] 找不到符号
[ERROR]   符号:   类 List
[ERROR]   位置: 类 com.caobolun.business.ingestion.engine.NodeOutputExtractor
[ERROR] /E:/Web/MindFlow/business/src/main/java/com/caobolun/business/ingestion/engine/NodeOutputExtractor.java:[80,55] 找不到符号
[ERROR]   符号:   类 Block
[ERROR]   位置: 类 com.caobolun.business.ingestion.engine.NodeOutputExtractor
[ERROR] /E:/Web/MindFlow/business/src/main/java/com/caobolun/business/ingestion/engine/NodeOutputExtractor.java:[125,53] 找不到符号
[ERROR]   符号:   类 List
[ERROR]   位置: 类 com.caobolun.business.ingestion.engine.NodeOutputExtractor
[ERROR] /E:/Web/MindFlow/business/src/main/java/com/caobolun/business/ingestion/engine/NodeOutputExtractor.java:[125,58] 找不到符号
[ERROR]   符号:   类 EmbeddedChunk
[ERROR]   位置: 类 com.caobolun.business.ingestion.engine.NodeOutputExtractor
[ERROR] /E:/Web/MindFlow/business/src/main/java/com/caobolun/business/ingestion/engine/NodeOutputExtractor.java:[135,49] 找不到符号
[ERROR]   符号:   类 List
[ERROR]   位置: 类 com.caobolun.business.ingestion.engine.NodeOutputExtractor
[ERROR] /E:/Web/MindFlow/business/src/main/java/com/caobolun/business/ingestion/engine/NodeOutputExtractor.java:[135,54] 找不到符号
[ERROR]   符号:   类 EmbeddedChunk
[ERROR]   位置: 类 com.caobolun.business.ingestion.engine.NodeOutputExtractor
[ERROR] /E:/Web/MindFlow/business/src/main/java/com/caobolun/business/ingestion/engine/NodeOutputExtractor.java:[135,20] 找不到符号
[ERROR]   符号:   类 Set
[ERROR]   位置: 类 com.caobolun.business.ingestion.engine.NodeOutputExtractor
[ERROR] /E:/Web/MindFlow/business/src/main/java/com/caobolun/business/ingestion/engine/NodeOutputExtractor.java:[144,20] 找不到符号
[ERROR]   符号:   类 List
[ERROR]   位置: 类 com.caobolun.business.ingestion.engine.NodeOutputExtractor
[ERROR] /E:/Web/MindFlow/business/src/main/java/com/caobolun/business/ingestion/engine/NodeOutputExtractor.java:[144,25] 找不到符号
[ERROR]   符号:   类 EmbeddedChunk
[ERROR]   位置: 类 com.caobolun.business.ingestion.engine.NodeOutputExtractor
[ERROR] /E:/Web/MindFlow/business/src/main/java/com/caobolun/business/ingestion/fetcher/HttpUrlFetcher.java:[20,48] 程序包com.nageoffer.ai.ragent.core.parser.mime不存在
[ERROR] /E:/Web/MindFlow/business/src/main/java/com/caobolun/business/ingestion/fetcher/HttpUrlFetcher.java:[21,51] 程序包com.nageoffer.ai.ragent.framework.exception不存在
[ERROR] /E:/Web/MindFlow/business/src/main/java/com/caobolun/business/ingestion/fetcher/HttpUrlFetcher.java:[22,56] 程序包com.nageoffer.ai.ragent.ingestion.domain.context不存在
[ERROR] /E:/Web/MindFlow/business/src/main/java/com/caobolun/business/ingestion/fetcher/HttpUrlFetcher.java:[23,54] 程序包com.nageoffer.ai.ragent.ingestion.domain.enums不存在
[ERROR] /E:/Web/MindFlow/business/src/main/java/com/caobolun/business/ingestion/fetcher/HttpUrlFetcher.java:[24,46] 程序包com.nageoffer.ai.ragent.ingestion.util不存在
[ERROR] /E:/Web/MindFlow/business/src/main/java/com/caobolun/business/ingestion/fetcher/HttpUrlFetcher.java:[40,19] 找不到符号
[ERROR]   符号:   类 HttpClientHelper
[ERROR]   位置: 类 com.caobolun.business.ingestion.fetcher.HttpUrlFetcher
[ERROR] /E:/Web/MindFlow/business/src/main/java/com/caobolun/business/ingestion/fetcher/HttpUrlFetcher.java:[43,12] 找不到符号
[ERROR]   符号:   类 SourceType
[ERROR]   位置: 类 com.caobolun.business.ingestion.fetcher.HttpUrlFetcher
[ERROR] /E:/Web/MindFlow/business/src/main/java/com/caobolun/business/ingestion/fetcher/HttpUrlFetcher.java:[48,30] 找不到符号
[ERROR]   符号:   类 DocumentSource
[ERROR]   位置: 类 com.caobolun.business.ingestion.fetcher.HttpUrlFetcher
[ERROR] /E:/Web/MindFlow/business/src/main/java/com/caobolun/business/ingestion/fetcher/HttpUrlFetcher.java:[37,1] 找不到符号
[ERROR]   符号:   类 HttpClientHelper
[ERROR]   位置: 类 com.caobolun.business.ingestion.fetcher.HttpUrlFetcher
[ERROR] /E:/Web/MindFlow/business/src/main/java/com/caobolun/business/ingestion/node/ChunkerNode.java:[25,19] 找不到符号
[ERROR]   符号:   类 ObjectMapper
[ERROR]   位置: 类 com.caobolun.business.ingestion.node.ChunkerNode
[ERROR] /E:/Web/MindFlow/business/src/main/java/com/caobolun/business/ingestion/node/ChunkerNode.java:[27,19] 找不到符号
[ERROR]   符号:   类 ChunkingService
[ERROR]   位置: 类 com.caobolun.business.ingestion.node.ChunkerNode
[ERROR] /E:/Web/MindFlow/business/src/main/java/com/caobolun/business/ingestion/node/ChunkerNode.java:[35,57] 找不到符号
[ERROR]   符号:   类 NodeConfig
[ERROR]   位置: 类 com.caobolun.business.ingestion.node.ChunkerNode
[ERROR] /E:/Web/MindFlow/business/src/main/java/com/caobolun/business/ingestion/node/ChunkerNode.java:[35,12] 找不到符号
[ERROR]   符号:   类 NodeResult
[ERROR]   位置: 类 com.caobolun.business.ingestion.node.ChunkerNode
[ERROR] /E:/Web/MindFlow/business/src/main/java/com/caobolun/business/ingestion/node/ChunkerNode.java:[52,43] 找不到符号
[ERROR]   符号:   类 JsonNode
[ERROR]   位置: 类 com.caobolun.business.ingestion.node.ChunkerNode
[ERROR] /E:/Web/MindFlow/business/src/main/java/com/caobolun/business/ingestion/node/ChunkerNode.java:[52,13] 找不到符号
[ERROR]   符号:   类 ChunkerSettings
[ERROR]   位置: 类 com.caobolun.business.ingestion.node.ChunkerNode
[ERROR] /E:/Web/MindFlow/business/src/main/java/com/caobolun/business/ingestion/node/ChunkerNode.java:[60,34] 找不到符号
[ERROR]   符号:   类 ChunkerSettings
[ERROR]   位置: 类 com.caobolun.business.ingestion.node.ChunkerNode
[ERROR] /E:/Web/MindFlow/business/src/main/java/com/caobolun/business/ingestion/node/ChunkerNode.java:[60,13] 找不到符号
[ERROR]   符号:   类 ChunkBudget
[ERROR]   位置: 类 com.caobolun.business.ingestion.node.ChunkerNode
[ERROR] /E:/Web/MindFlow/business/src/main/java/com/caobolun/business/ingestion/node/ChunkerNode.java:[17,1] 找不到符号
[ERROR]   符号:   类 ObjectMapper
[ERROR]   位置: 类 com.caobolun.business.ingestion.node.ChunkerNode
[ERROR] /E:/Web/MindFlow/business/src/main/java/com/caobolun/business/ingestion/node/FetcherNode.java:[44,19] 找不到符号
[ERROR]   符号:   类 Map
[ERROR]   位置: 类 com.caobolun.business.ingestion.node.FetcherNode
[ERROR] /E:/Web/MindFlow/business/src/main/java/com/caobolun/business/ingestion/node/FetcherNode.java:[44,35] 找不到符号
[ERROR]   符号:   类 DocumentFetcher
[ERROR]   位置: 类 com.caobolun.business.ingestion.node.FetcherNode
[ERROR] /E:/Web/MindFlow/business/src/main/java/com/caobolun/business/ingestion/node/FetcherNode.java:[46,24] 找不到符号
[ERROR]   符号:   类 List
[ERROR]   位置: 类 com.caobolun.business.ingestion.node.FetcherNode
[ERROR] /E:/Web/MindFlow/business/src/main/java/com/caobolun/business/ingestion/node/FetcherNode.java:[46,29] 找不到符号
[ERROR]   符号:   类 DocumentFetcher
[ERROR]   位置: 类 com.caobolun.business.ingestion.node.FetcherNode
[ERROR] /E:/Web/MindFlow/business/src/main/java/com/caobolun/business/ingestion/node/IndexerNode.java:[99,43] 找不到符号
[ERROR]   符号:   类 JsonNode
[ERROR]   位置: 类 com.caobolun.business.ingestion.node.IndexerNode
[ERROR] -> [Help 1]
[ERROR] 
[ERROR] To see the full stack trace of the errors, re-run Maven with the -e switch.
[ERROR] Re-run Maven using the -X switch to enable full debug logging.
[ERROR] 
[ERROR] For more information about the errors and possible solutions, please read the following articles:
[ERROR] [Help 1] http://cwiki.apache.org/confluence/display/MAVEN/MojoFailureException
[ERROR] 
[ERROR] After correcting the problems, you can resume the build with the command
[ERROR]   mvn <args> -rf :business
